AzerothCore rev. unknown 1970-01-01 00:00:00 +0000 (Archived branch) (Unix, RelWithDebInfo, Static) (authserver)
<Ctrl-C> to stop.

   █████╗ ███████╗███████╗██████╗  ██████╗ ████████╗██╗  ██╗
  ██╔══██╗╚══███╔╝██╔════╝██╔══██╗██╔═══██╗╚══██╔══╝██║  ██║
  ███████║  ███╔╝ █████╗  ██████╔╝██║   ██║   ██║   ███████║
  ██╔══██║ ███╔╝  ██╔══╝  ██╔══██╗██║   ██║   ██║   ██╔══██║
  ██║  ██║███████╗███████╗██║  ██║╚██████╔╝   ██║   ██║  ██║
  ╚═╝  ╚═╝╚══════╝╚══════╝╚═╝  ╚═╝ ╚═════╝    ╚═╝   ╚═╝  ╚═╝
                                 ██████╗ ██████╗ ██████╗ ███████╗
                                ██╔════╝██╔═══██╗██╔══██╗██╔════╝
                                ██║     ██║   ██║██████╔╝█████╗
                                ██║     ██║   ██║██╔══██╗██╔══╝
                                ╚██████╗╚██████╔╝██║  ██║███████╗
                                 ╚═════╝ ╚═════╝ ╚═╝  ╚═╝╚══════╝

     AzerothCore 3.3.5a  -  www.azerothcore.org

> Using configuration file       /azerothcore/env/dist/etc/authserver.conf
> Using SSL version:             OpenSSL 3.0.13 30 Jan 2024 (library: OpenSSL 3.0.13 30 Jan 2024)
> Using Boost version:           1.83.0
 
> Config: Found config value 'Updates.EnableDatabases' from environment variable 'AC_UPDATES_ENABLE_DATABASES'.
> AUTOUPDATER: Automatic database updates are disabled for all databases in the config! This is not recommended!
> Config: Found config value 'LoginDatabaseInfo' from environment variable 'AC_LOGIN_DATABASE_INFO'.
Opening DatabasePool 'acore_auth'. Asynchronous connections: 1, synchronous connections: 1.
MySQL client library: 8.0.46
MySQL server ver: 8.4.11 
Connected to MySQL database at ac-database
MySQL client library: 8.0.46
MySQL server ver: 8.4.11 
Connected to MySQL database at ac-database
DatabasePool 'acore_auth' opened successfully. 2 total connections running.
 
Started auth database connection pool.
Loading IP Location Database...
 
Added realm "Esteria" at 136.34.30.2:8085.
Halting process...
Closing down DatabasePool 'acore_auth'. Waiting for 0 queries to finish...
Asynchronous connections on DatabasePool 'acore_auth' terminated. Proceeding with synchronous connections.
All connections on DatabasePool 'acore_auth' closed.
